// Jest Snapshot v1, https://goo.gl/fbAQLP

exports[`<App /> should match the snapshot 1`] = `"<div class=\\"container\\"><form><div class=\\"form-row\\"><div class=\\"form-group col-md-6\\"><label for=\\"firstname\\">First Name</label><input type=\\"text\\" value=\\"\\" class=\\"form-control datatest-5\\" placeholder=\\"First Name\\" aria-describedby=\\"first name\\"/></div><div class=\\"form-group col-md-6\\"><label for=\\"lastname\\">Last Name</label><input type=\\"text\\" value=\\"\\" class=\\"form-control datatest-6\\" placeholder=\\"Last Name\\" aria-describedby=\\"last name\\"/></div></div><div class=\\"form-group datatest-4\\"><label for=\\"phonenumber\\">Phone Number</label><div class=\\" react-tel-input\\"><div class=\\"special-label\\">Phone</div><input type=\\"tel\\" class=\\"form-control\\" style=\\"width:100%\\" value=\\"\\" placeholder=\\"1 (702) 123-4567\\"/><div class=\\" flag-dropdown\\"><div class=\\"selected-flag\\" title=\\"\\" tabindex=\\"0\\" role=\\"button\\" aria-haspopup=\\"listbox\\"><div class=\\"flag 0\\"><div class=\\"arrow\\"></div></div></div></div></div></div><button type=\\"submit\\" class=\\"mt-5 btn block-button btn-block datatest-3\\" disabled=\\"\\">SUBMIT</button></form></div>"`;
