// Jest Snapshot v1, https://goo.gl/fbAQLP

exports[`<App /> should match the snapshot 1`] = `"<table class=\\"table table-borderless contact-table text-white pt-5\\"><tbody><tr class=\\"cursor \\"><td class=\\"display-center-end pt-4\\"><div class=\\"check-container\\"><input type=\\"checkbox\\" id=\\"1\\"><span class=\\"checkmark\\"></span></div></td><td><div class=\\"display-vertical-center\\"><div class=\\"user-avatar display-center\\">TT</div><div class=\\"display-vertical-center pl-4\\">test test</div></div></td><td><div class=\\"display-end\\"><button class=\\"btn primary-button invisible \\" type=\\"button\\"><svg stroke=\\"currentColor\\" fill=\\"currentColor\\" stroke-width=\\"0\\" viewBox=\\"0 0 16 16\\" height=\\"1em\\" width=\\"1em\\" xmlns=\\"http://www.w3.org/2000/svg\\"><path d=\\"M10.5 8a2.5 2.5 0 11-5 0 2.5 2.5 0 015 0z\\"></path><path fill-rule=\\"evenodd\\" d=\\"M0 8s3-5.5 8-5.5S16 8 16 8s-3 5.5-8 5.5S0 8 0 8zm8 3.5a3.5 3.5 0 100-7 3.5 3.5 0 000 7z\\" clip-rule=\\"evenodd\\"></path></svg> &nbsp; View Details</button></div></td></tr><tr class=\\"cursor \\"><td class=\\"display-center-end pt-4\\"><div class=\\"check-container\\"><input type=\\"checkbox\\" id=\\"2\\"><span class=\\"checkmark\\"></span></div></td><td><div class=\\"display-vertical-center\\"><div class=\\"user-avatar display-center\\">TT</div><div class=\\"display-vertical-center pl-4\\">test test</div></div></td><td><div class=\\"display-end\\"><button class=\\"btn primary-button invisible \\" type=\\"button\\"><svg stroke=\\"currentColor\\" fill=\\"currentColor\\" stroke-width=\\"0\\" viewBox=\\"0 0 16 16\\" height=\\"1em\\" width=\\"1em\\" xmlns=\\"http://www.w3.org/2000/svg\\"><path d=\\"M10.5 8a2.5 2.5 0 11-5 0 2.5 2.5 0 015 0z\\"></path><path fill-rule=\\"evenodd\\" d=\\"M0 8s3-5.5 8-5.5S16 8 16 8s-3 5.5-8 5.5S0 8 0 8zm8 3.5a3.5 3.5 0 100-7 3.5 3.5 0 000 7z\\" clip-rule=\\"evenodd\\"></path></svg> &nbsp; View Details</button></div></td></tr><tr class=\\"cursor \\"><td class=\\"display-center-end pt-4\\"><div class=\\"check-container\\"><input type=\\"checkbox\\" id=\\"3\\"><span class=\\"checkmark\\"></span></div></td><td><div class=\\"display-vertical-center\\"><div class=\\"user-avatar display-center\\">TT</div><div class=\\"display-vertical-center pl-4\\">test test</div></div></td><td><div class=\\"display-end\\"><button class=\\"btn primary-button invisible \\" type=\\"button\\"><svg stroke=\\"currentColor\\" fill=\\"currentColor\\" stroke-width=\\"0\\" viewBox=\\"0 0 16 16\\" height=\\"1em\\" width=\\"1em\\" xmlns=\\"http://www.w3.org/2000/svg\\"><path d=\\"M10.5 8a2.5 2.5 0 11-5 0 2.5 2.5 0 015 0z\\"></path><path fill-rule=\\"evenodd\\" d=\\"M0 8s3-5.5 8-5.5S16 8 16 8s-3 5.5-8 5.5S0 8 0 8zm8 3.5a3.5 3.5 0 100-7 3.5 3.5 0 000 7z\\" clip-rule=\\"evenodd\\"></path></svg> &nbsp; View Details</button></div></td></tr></tbody></table>"`;
